  Γû▓ Next.js 14.2.35

   Creating an optimized production build ...
> [PWA] Compile server
> [PWA] Compile server
> [PWA] Compile client (static)
> [PWA] Auto register service worker with: C:\Users\shash\OneDrive\Desktop\health\node_modules\next-pwa\register.js
> [PWA] Service worker: C:\Users\shash\OneDrive\Desktop\health\public\sw.js
> [PWA]   url: /sw.js
> [PWA]   scope: /
 Γ£ô Compiled successfully
   Linting and checking validity of types ...
node.exe : 
At C:\Program Files\nod
ejs\npx.ps1:29 char:3
+   & $NODE_EXE 
$NPX_CLI_JS $args
+   ~~~~~~~~~~~~~~~~~~~
~~~~~~~~~~
    + CategoryInfo     
         : NotSpecifi  
  ed: (:String) [],    
 RemoteException
    + FullyQualifiedEr 
   rorId : NativeComm  
  andError
 
Failed to compile.

./src/app/emergency/pag
e.tsx
6:58  Error: 'Siren' 
is defined but never 
used.  @typescript-esli
nt/no-unused-vars

./src/app/page.tsx
13:3  Error: 'Mic' is 
defined but never 
used.  @typescript-esli
nt/no-unused-vars
20:3  Error: 'Users' 
is defined but never 
used.  @typescript-esli
nt/no-unused-vars
21:3  Error: 'Clock' 
is defined but never 
used.  @typescript-esli
nt/no-unused-vars
22:3  Error: 'Zap' is 
defined but never 
used.  @typescript-esli
nt/no-unused-vars
23:3  Error: 'Crown' 
is defined but never 
used.  @typescript-esli
nt/no-unused-vars
28:3  Error: 
'Activity' is defined 
but never used.  @types
cript-eslint/no-unused-
vars
30:3  Error: 
'Download' is defined 
but never used.  @types
cript-eslint/no-unused-
vars
653:77  Error: `"` can 
be escaped with 
`&quot;`, `&ldquo;`, 
`&#34;`, `&rdquo;`.  re
act/no-unescaped-entiti
es
653:86  Error: `"` can 
be escaped with 
`&quot;`, `&ldquo;`, 
`&#34;`, `&rdquo;`.  re
act/no-unescaped-entiti
es

./src/app/subscription/
page.tsx
6:28  Error: 
'Sparkles' is defined 
but never used.  @types
cript-eslint/no-unused-
vars
62:45  Error: 'price' 
is defined but never 
used.  @typescript-esli
nt/no-unused-vars

./src/app/symptoms/page
.tsx
3:27  Error: 
'useEffect' is defined 
but never used.  @types
cript-eslint/no-unused-
vars

./src/components/shared
/LanguageToggle.tsx
8:13  Error: 
'language' is assigned 
a value but never 
used.  @typescript-esli
nt/no-unused-vars

./src/context/LanguageC
ontext.tsx
11:6  Error: 
'TranslationObj' is 
defined but never 
used.  @typescript-esli
nt/no-unused-vars

info  - Need to 
disable some ESLint 
rules? Learn more 
here: https://nextjs.or
g/docs/basic-features/e
slint#disabling-rules
